#   Copyright
#
#       Copyright (C) 2010 Jari Aalto <jari.aalto@cante.net>
#
#   License
#
#       This material is free software; you can redistribute it and/or modify
#       it under the terms of the GNU General Public License as published by
#       the Free Software Foundation; either version 2 of the License, or
#       (at your option) any later version.
#
#       This material is distributed in the hope that it will be useful,
#       but WITHOUT ANY WARRANTY; without even the implied warranty of
#       MERCHANTABILITY or FITNESS FOR A PARTICULAR PURPOSE. See the
#       GNU General Public License for more details.
#
#       You should have received a copy of the GNU General Public License
#       along with this material. If not, see <http://www.gnu.org/licenses/>.
#
#   Description
#
#	Epackage yellow pages -- Sources list for available Emacs epackages
#
#	Project homepage: http://freshmeat.net/projects/emacs-epackage
#
#   Instructions
#
#	1. Fork github project at
#	   https://github.com/jaalto/project--emacs-epackage-sources-list
#
#	   Read: http://help.github.com/forking/
#
#	2. Update this file, "git commit -s" (sign) your changes, and push
#	   to your Github repository.
#
#	3. Send "Pull request".
#	   Read: http://help.github.com/pull-requests/
#
#   File Format
#
#	PACKAGE-NAME<spaces or tabs>GIT-REPOSITORY<spaces or tabs>DESCRIPTION
#
#	PACKAE-NAME must match case-sensitive regexp "[a-z][a-z0-9-]+"

crypt			git://github.com/jaalto/emacs-epkg--crypt encryption support
gse-number-rect		git://github.com/jaalto/emacs-epkg--gse-number-rect enhance rect.el by adding numering rectangles
gse-rename		git://github.com/jaalto/emacs-epkg--gse-rename rename files like you would edit text
hide-region		git://github.com/jaalto/emacs-epkg--hide-region hide or show regions like using kill-ring
hide-lines		git://github.com/jaalto/emacs-epkg--hide-lines hide or preserve all matching lines in buffer
ell			git://github.com/jaalto/emacs-epkg--ell browse the Emacs Lisp List: package URL database
map-lines		git://github.com/jaalto/emacs-epkg--map-lines
markdown-mode		git://github.com/jaalto/emacs-epkg--markdown-mode mode for editing *.md markdown markup files
rst-mode		git://github.com/jaalto/emacs-epkg--rst-mode mode for viewing and editing reStructuredText-documents
ell			git@github.com:jaalto/emacs-epkg--ell browse the Emacs Lisp List of available packages
highlight-80-plus-mode	git@github.com:jaalto/emacs-epkg--highlight-80-plus-mode highlight characters beyond column 80
bbdb			git@github.com:jaalto/emacs-epkg--bbdb the insidious Big Brother Database
linum			git@github.com:jaalto/emacs-epkg--linum display line numbers in the left margin

# End of file
